Copyright 1986-2021 Xilinx, Inc. All Rights Reserved.
----------------------------------------------------------------------------------------------------------------------------------------------------------------------------------------------------------------------------------------------------------
| Tool Version      : Vivado v.2021.2 (win64) Build 3367213 Tue Oct 19 02:48:09 MDT 2021
| Date              : Thu Oct  1 11:40:09 2026
| Host              : REDACTED_HOST running 64-bit major release  (build 9200)
| Command           : report_timing -from [get_ports {{phy_rxd[*]} phy_rx_ctl}] -delay_type min -max_paths 10 -path_type full_clock_expanded -file E:/Workspace/CNS2FPGA/code/15_Ethernet_Runtime_Deployment/reports/rx_input_timing_old_20261001_min.rpt
| Design            : cns2fpga_axku115_eth_top
| Device            : xcku115-flva1517
| Speed File        : -2  PRODUCTION 1.26 12-04-2018
| Temperature Grade : I
----------------------------------------------------------------------------------------------------------------------------------------------------------------------------------------------------------------------------------------------------------

Timing Report

Slack (MET) :             0.358ns  (arrival time - required time)
  Source:                 phy_rxd[0]
                            (input port clocked by phy_rx_clk  {rise@0.000ns fall@4.000ns period=8.000ns})
  Destination:            ethernet/eth_mac_inst/eth_mac_1g_rgmii_inst/rgmii_phy_if_inst/rx_ssio_ddr_inst/data_iddr_inst/iddr[1].iddr_inst/D
                            (falling edge-triggered cell ISERDESE3 clocked by phy_rx_clk  {rise@0.000ns fall@4.000ns period=8.000ns})
  Path Group:             phy_rx_clk
  Path Type:              Hold (Min at Fast Process Corner)
  Requirement:            0.000ns  (phy_rx_clk fall@4.000ns - phy_rx_clk fall@4.000ns)
  Data Path Delay:        1.386ns  (logic 1.296ns (93.508%)  route 0.090ns (6.492%))
  Logic Levels:           3  (IBUFCTRL=1 IDELAYE3=1 INBUF=1)
  Input Delay:            1.000ns
  Clock Path Skew:        1.902ns (DCD - SCD - CPR)
    Destination Clock Delay (DCD):    1.902ns = ( 5.902 - 4.000 ) 
    Source Clock Delay      (SCD):    0.000ns = ( 4.000 - 4.000 ) 
    Clock Pessimism Removal (CPR):    -0.000ns
  Clock Uncertainty:      0.035ns  ((TSJ^2 + TIJ^2)^1/2 + DJ) / 2 + PE
    Total System Jitter     (TSJ):    0.071ns
    Total Input Jitter      (TIJ):    0.000ns
    Discrete Jitter          (DJ):    0.000ns
    Phase Error              (PE):    0.000ns
  Clock Net Delay (Destination): 0.907ns (routing 0.139ns, distribution 0.768ns)

    Pin Reuse     Location             Delay type                Incr(ns)  Path(ns)    Netlist Resource(s)
  ---------------------------------------------------------------------------------    -------------------
                                       (clock phy_rx_clk fall edge)
                                                                    4.000     4.000 f  
                                       input delay                  1.000     5.000    
                  AP35                                              0.000     5.000 r  phy_rxd[0] (IN)
                                       net (fo=0)                   0.000     5.000    phy_rxd_IBUF[0]_inst/I
    Routing       AP35                                                              r  phy_rxd_IBUF[0]_inst/INBUF_INST/PAD
    Routing       AP35                 INBUF (Prop_INBUF_HPIOB_PAD_O)
                                                                    0.141     5.141 r  phy_rxd_IBUF[0]_inst/INBUF_INST/O
                                       net (fo=1, routed)           0.027     5.168    phy_rxd_IBUF[0]_inst/OUT
    Routing       AP35                                                              r  phy_rxd_IBUF[0]_inst/IBUFCTRL_INST/I
    Routing       AP35                 IBUFCTRL (Prop_IBUFCTRL_HPIOB_I_O)
                                                                    0.000     5.168 r  phy_rxd_IBUF[0]_inst/IBUFCTRL_INST/O
                                       net (fo=1, routed)           0.063     5.231    ethernet/eth_mac_inst/eth_mac_1g_rgmii_inst/rgmii_phy_if_inst/rx_ssio_ddr_inst/data_iddr_inst/d[1]
    Routing       BITSLICE_RX_TX_X0Y90                                              r  ethernet/eth_mac_inst/eth_mac_1g_rgmii_inst/rgmii_phy_if_inst/rx_ssio_ddr_inst/data_iddr_inst/IDELAYE3_1/IDATAIN
    Routing       BITSLICE_RX_TX_X0Y90 IDELAYE3 (Prop_IDELAY_BITSLICE_COMPONENT_RX_TX_IDATAIN_DATAOUT)
                                                                    1.155     6.386 r  ethernet/eth_mac_inst/eth_mac_1g_rgmii_inst/rgmii_phy_if_inst/rx_ssio_ddr_inst/data_iddr_inst/IDELAYE3_1/DATAOUT
                                       net (fo=1, routed)           0.000     6.386    ethernet/eth_mac_inst/eth_mac_1g_rgmii_inst/rgmii_phy_if_inst/rx_ssio_ddr_inst/data_iddr_inst/xlnx_opt__1
    Routing       BITSLICE_RX_TX_X0Y90 ISERDESE3                                    r  ethernet/eth_mac_inst/eth_mac_1g_rgmii_inst/rgmii_phy_if_inst/rx_ssio_ddr_inst/data_iddr_inst/iddr[1].iddr_inst/D
  ---------------------------------------------------------------------------------    -------------------

                                       (clock phy_rx_clk fall edge)
                                                                    4.000     4.000 f  
                  AR37                                              0.000     4.000 f  phy_rx_clk (IN)
                                       net (fo=0)                   0.000     4.000    phy_rx_clk_IBUF_inst/I
                  AR37                                                              f  phy_rx_clk_IBUF_inst/INBUF_INST/PAD
                  AR37                 INBUF (Prop_INBUF_HPIOB_PAD_O)
                                                                    0.508     4.508 f  phy_rx_clk_IBUF_inst/INBUF_INST/O
                                       net (fo=1, routed)           0.047     4.555    phy_rx_clk_IBUF_inst/OUT
                  AR37                                                              f  phy_rx_clk_IBUF_inst/IBUFCTRL_INST/I
                  AR37                 IBUFCTRL (Prop_IBUFCTRL_HPIOB_I_O)
                                                                    0.000     4.555 f  phy_rx_clk_IBUF_inst/IBUFCTRL_INST/O
                                       net (fo=2, routed)           0.409     4.964    phy_rx_clk_IBUF
                  BUFGCE_X0Y47                                                      f  phy_rx_clk_IBUF_BUFGCE_collapsed_inst/I
                  BUFGCE_X0Y47         BUFGCE (Prop_BUFCE_BUFGCE_I_O)
                                                                    0.031     4.995 f  phy_rx_clk_IBUF_BUFGCE_collapsed_inst/O
                  X0Y1 (CLOCK_ROOT)    net (fo=233, routed)         0.907     5.902    ethernet/eth_mac_inst/eth_mac_1g_rgmii_inst/rgmii_phy_if_inst/rx_ssio_ddr_inst/data_iddr_inst/clk
                  BITSLICE_RX_TX_X0Y90 ISERDESE3                                    f  ethernet/eth_mac_inst/eth_mac_1g_rgmii_inst/rgmii_phy_if_inst/rx_ssio_ddr_inst/data_iddr_inst/iddr[1].iddr_inst/CLK
                                       clock pessimism              0.000     5.902    
                                       clock uncertainty            0.035     5.937    
                  BITSLICE_RX_TX_X0Y90 ISERDESE3 (Hold_ISERDES_BITSLICE_COMPONENT_RX_TX_CLK_D)
                                                                    0.091     6.028    ethernet/eth_mac_inst/eth_mac_1g_rgmii_inst/rgmii_phy_if_inst/rx_ssio_ddr_inst/data_iddr_inst/iddr[1].iddr_inst
  ---------------------------------------------------------------------------------
                                       required time                         -6.028    
                                       arrival time                           6.386    
  ---------------------------------------------------------------------------------
                                       slack                                  0.358    

Slack (MET) :             0.366ns  (arrival time - required time)
  Source:                 phy_rxd[1]
                            (input port clocked by phy_rx_clk  {rise@0.000ns fall@4.000ns period=8.000ns})
  Destination:            ethernet/eth_mac_inst/eth_mac_1g_rgmii_inst/rgmii_phy_if_inst/rx_ssio_ddr_inst/data_iddr_inst/iddr[2].iddr_inst/D
                            (falling edge-triggered cell ISERDESE3 clocked by phy_rx_clk  {rise@0.000ns fall@4.000ns period=8.000ns})
  Path Group:             phy_rx_clk
  Path Type:              Hold (Min at Fast Process Corner)
  Requirement:            0.000ns  (phy_rx_clk fall@4.000ns - phy_rx_clk fall@4.000ns)
  Data Path Delay:        1.377ns  (logic 1.283ns (93.172%)  route 0.094ns (6.828%))
  Logic Levels:           3  (IBUFCTRL=1 IDELAYE3=1 INBUF=1)
  Input Delay:            1.000ns
  Clock Path Skew:        1.882ns (DCD - SCD - CPR)
    Destination Clock Delay (DCD):    1.882ns = ( 5.882 - 4.000 ) 
    Source Clock Delay      (SCD):    0.000ns = ( 4.000 - 4.000 ) 
    Clock Pessimism Removal (CPR):    -0.000ns
  Clock Uncertainty:      0.035ns  ((TSJ^2 + TIJ^2)^1/2 + DJ) / 2 + PE
    Total System Jitter     (TSJ):    0.071ns
    Total Input Jitter      (TIJ):    0.000ns
    Discrete Jitter          (DJ):    0.000ns
    Phase Error              (PE):    0.000ns
  Clock Net Delay (Destination): 0.887ns (routing 0.139ns, distribution 0.748ns)

    Pin Reuse     Location             Delay type                Incr(ns)  Path(ns)    Netlist Resource(s)
  ---------------------------------------------------------------------------------    -------------------
                                       (clock phy_rx_clk fall edge)
                                                                    4.000     4.000 f  
                                       input delay                  1.000     5.000    
                  AK37                                              0.000     5.000 r  phy_rxd[1] (IN)
                                       net (fo=0)                   0.000     5.000    phy_rxd_IBUF[1]_inst/I
    Routing       AK37                                                              r  phy_rxd_IBUF[1]_inst/INBUF_INST/PAD
    Routing       AK37                 INBUF (Prop_INBUF_HPIOB_PAD_O)
                                                                    0.128     5.128 r  phy_rxd_IBUF[1]_inst/INBUF_INST/O
                                       net (fo=1, routed)           0.027     5.155    phy_rxd_IBUF[1]_inst/OUT
    Routing       AK37                                                              r  phy_rxd_IBUF[1]_inst/IBUFCTRL_INST/I
    Routing       AK37                 IBUFCTRL (Prop_IBUFCTRL_HPIOB_I_O)
                                                                    0.000     5.155 r  phy_rxd_IBUF[1]_inst/IBUFCTRL_INST/O
                                       net (fo=1, routed)           0.067     5.222    ethernet/eth_mac_inst/eth_mac_1g_rgmii_inst/rgmii_phy_if_inst/rx_ssio_ddr_inst/data_iddr_inst/d[2]
    Routing       BITSLICE_RX_TX_X0Y97                                              r  ethernet/eth_mac_inst/eth_mac_1g_rgmii_inst/rgmii_phy_if_inst/rx_ssio_ddr_inst/data_iddr_inst/IDELAYE3_2/IDATAIN
    Routing       BITSLICE_RX_TX_X0Y97 IDELAYE3 (Prop_IDELAY_BITSLICE_COMPONENT_RX_TX_IDATAIN_DATAOUT)
                                                                    1.155     6.377 r  ethernet/eth_mac_inst/eth_mac_1g_rgmii_inst/rgmii_phy_if_inst/rx_ssio_ddr_inst/data_iddr_inst/IDELAYE3_2/DATAOUT
                                       net (fo=1, routed)           0.000     6.377    ethernet/eth_mac_inst/eth_mac_1g_rgmii_inst/rgmii_phy_if_inst/rx_ssio_ddr_inst/data_iddr_inst/xlnx_opt__2
    Routing       BITSLICE_RX_TX_X0Y97 ISERDESE3                                    r  ethernet/eth_mac_inst/eth_mac_1g_rgmii_inst/rgmii_phy_if_inst/rx_ssio_ddr_inst/data_iddr_inst/iddr[2].iddr_inst/D
  ---------------------------------------------------------------------------------    -------------------

                                       (clock phy_rx_clk fall edge)
                                                                    4.000     4.000 f  
                  AR37                                              0.000     4.000 f  phy_rx_clk (IN)
                                       net (fo=0)                   0.000     4.000    phy_rx_clk_IBUF_inst/I
                  AR37                                                              f  phy_rx_clk_IBUF_inst/INBUF_INST/PAD
                  AR37                 INBUF (Prop_INBUF_HPIOB_PAD_O)
                                                                    0.508     4.508 f  phy_rx_clk_IBUF_inst/INBUF_INST/O
                                       net (fo=1, routed)           0.047     4.555    phy_rx_clk_IBUF_inst/OUT
                  AR37                                                              f  phy_rx_clk_IBUF_inst/IBUFCTRL_INST/I
                  AR37                 IBUFCTRL (Prop_IBUFCTRL_HPIOB_I_O)
                                                                    0.000     4.555 f  phy_rx_clk_IBUF_inst/IBUFCTRL_INST/O
                                       net (fo=2, routed)           0.409     4.964    phy_rx_clk_IBUF
                  BUFGCE_X0Y47                                                      f  phy_rx_clk_IBUF_BUFGCE_collapsed_inst/I
                  BUFGCE_X0Y47         BUFGCE (Prop_BUFCE_BUFGCE_I_O)
                                                                    0.031     4.995 f  phy_rx_clk_IBUF_BUFGCE_collapsed_inst/O
                  X0Y1 (CLOCK_ROOT)    net (fo=233, routed)         0.887     5.882    ethernet/eth_mac_inst/eth_mac_1g_rgmii_inst/rgmii_phy_if_inst/rx_ssio_ddr_inst/data_iddr_inst/clk
                  BITSLICE_RX_TX_X0Y97 ISERDESE3                                    f  ethernet/eth_mac_inst/eth_mac_1g_rgmii_inst/rgmii_phy_if_inst/rx_ssio_ddr_inst/data_iddr_inst/iddr[2].iddr_inst/CLK
                                       clock pessimism              0.000     5.882    
                                       clock uncertainty            0.035     5.917    
                  BITSLICE_RX_TX_X0Y97 ISERDESE3 (Hold_ISERDES_BITSLICE_COMPONENT_RX_TX_CLK_D)
                                                                    0.094     6.011    ethernet/eth_mac_inst/eth_mac_1g_rgmii_inst/rgmii_phy_if_inst/rx_ssio_ddr_inst/data_iddr_inst/iddr[2].iddr_inst
  ---------------------------------------------------------------------------------
                                       required time                         -6.011    
                                       arrival time                           6.377    
  ---------------------------------------------------------------------------------
                                       slack                                  0.366    

Slack (MET) :             0.373ns  (arrival time - required time)
  Source:                 phy_rxd[3]
                            (input port clocked by phy_rx_clk  {rise@0.000ns fall@4.000ns period=8.000ns})
  Destination:            ethernet/eth_mac_inst/eth_mac_1g_rgmii_inst/rgmii_phy_if_inst/rx_ssio_ddr_inst/data_iddr_inst/iddr[4].iddr_inst/D
                            (falling edge-triggered cell ISERDESE3 clocked by phy_rx_clk  {rise@0.000ns fall@4.000ns period=8.000ns})
  Path Group:             phy_rx_clk
  Path Type:              Hold (Min at Fast Process Corner)
  Requirement:            0.000ns  (phy_rx_clk fall@4.000ns - phy_rx_clk fall@4.000ns)
  Data Path Delay:        1.381ns  (logic 1.291ns (93.484%)  route 0.090ns (6.516%))
  Logic Levels:           3  (IBUFCTRL=1 IDELAYE3=1 INBUF=1)
  Input Delay:            1.000ns
  Clock Path Skew:        1.882ns (DCD - SCD - CPR)
    Destination Clock Delay (DCD):    1.882ns = ( 5.882 - 4.000 ) 
    Source Clock Delay      (SCD):    0.000ns = ( 4.000 - 4.000 ) 
    Clock Pessimism Removal (CPR):    -0.000ns
  Clock Uncertainty:      0.035ns  ((TSJ^2 + TIJ^2)^1/2 + DJ) / 2 + PE
    Total System Jitter     (TSJ):    0.071ns
    Total Input Jitter      (TIJ):    0.000ns
    Discrete Jitter          (DJ):    0.000ns
    Phase Error              (PE):    0.000ns
  Clock Net Delay (Destination): 0.887ns (routing 0.139ns, distribution 0.748ns)

    Pin Reuse     Location             Delay type                Incr(ns)  Path(ns)    Netlist Resource(s)
  ---------------------------------------------------------------------------------    -------------------
                                       (clock phy_rx_clk fall edge)
                                                                    4.000     4.000 f  
                                       input delay                  1.000     5.000    
                  AJ39                                              0.000     5.000 r  phy_rxd[3] (IN)
                                       net (fo=0)                   0.000     5.000    phy_rxd_IBUF[3]_inst/I
    Routing       AJ39                                                              r  phy_rxd_IBUF[3]_inst/INBUF_INST/PAD
    Routing       AJ39                 INBUF (Prop_INBUF_HPIOB_PAD_O)
                                                                    0.136     5.136 r  phy_rxd_IBUF[3]_inst/INBUF_INST/O
                                       net (fo=1, routed)           0.027     5.163    phy_rxd_IBUF[3]_inst/OUT
    Routing       AJ39                                                              r  phy_rxd_IBUF[3]_inst/IBUFCTRL_INST/I
    Routing       AJ39                 IBUFCTRL (Prop_IBUFCTRL_HPIOB_I_O)
                                                                    0.000     5.163 r  phy_rxd_IBUF[3]_inst/IBUFCTRL_INST/O
                                       net (fo=1, routed)           0.063     5.226    ethernet/eth_mac_inst/eth_mac_1g_rgmii_inst/rgmii_phy_if_inst/rx_ssio_ddr_inst/data_iddr_inst/d[4]
    Routing       BITSLICE_RX_TX_X0Y103
                                                                                    r  ethernet/eth_mac_inst/eth_mac_1g_rgmii_inst/rgmii_phy_if_inst/rx_ssio_ddr_inst/data_iddr_inst/IDELAYE3_4/IDATAIN
    Routing       BITSLICE_RX_TX_X0Y103
                                       IDELAYE3 (Prop_IDELAY_BITSLICE_COMPONENT_RX_TX_IDATAIN_DATAOUT)
                                                                    1.155     6.381 r  ethernet/eth_mac_inst/eth_mac_1g_rgmii_inst/rgmii_phy_if_inst/rx_ssio_ddr_inst/data_iddr_inst/IDELAYE3_4/DATAOUT
                                       net (fo=1, routed)           0.000     6.381    ethernet/eth_mac_inst/eth_mac_1g_rgmii_inst/rgmii_phy_if_inst/rx_ssio_ddr_inst/data_iddr_inst/xlnx_opt__4
    Routing       BITSLICE_RX_TX_X0Y103
                                       ISERDESE3                                    r  ethernet/eth_mac_inst/eth_mac_1g_rgmii_inst/rgmii_phy_if_inst/rx_ssio_ddr_inst/data_iddr_inst/iddr[4].iddr_inst/D
  ---------------------------------------------------------------------------------    -------------------

                                       (clock phy_rx_clk fall edge)
                                                                    4.000     4.000 f  
                  AR37                                              0.000     4.000 f  phy_rx_clk (IN)
                                       net (fo=0)                   0.000     4.000    phy_rx_clk_IBUF_inst/I
                  AR37                                                              f  phy_rx_clk_IBUF_inst/INBUF_INST/PAD
                  AR37                 INBUF (Prop_INBUF_HPIOB_PAD_O)
                                                                    0.508     4.508 f  phy_rx_clk_IBUF_inst/INBUF_INST/O
                                       net (fo=1, routed)           0.047     4.555    phy_rx_clk_IBUF_inst/OUT
                  AR37                                                              f  phy_rx_clk_IBUF_inst/IBUFCTRL_INST/I
                  AR37                 IBUFCTRL (Prop_IBUFCTRL_HPIOB_I_O)
                                                                    0.000     4.555 f  phy_rx_clk_IBUF_inst/IBUFCTRL_INST/O
                                       net (fo=2, routed)           0.409     4.964    phy_rx_clk_IBUF
                  BUFGCE_X0Y47                                                      f  phy_rx_clk_IBUF_BUFGCE_collapsed_inst/I
                  BUFGCE_X0Y47         BUFGCE (Prop_BUFCE_BUFGCE_I_O)
                                                                    0.031     4.995 f  phy_rx_clk_IBUF_BUFGCE_collapsed_inst/O
                  X0Y1 (CLOCK_ROOT)    net (fo=233, routed)         0.887     5.882    ethernet/eth_mac_inst/eth_mac_1g_rgmii_inst/rgmii_phy_if_inst/rx_ssio_ddr_inst/data_iddr_inst/clk
                  BITSLICE_RX_TX_X0Y103
                                       ISERDESE3                                    f  ethernet/eth_mac_inst/eth_mac_1g_rgmii_inst/rgmii_phy_if_inst/rx_ssio_ddr_inst/data_iddr_inst/iddr[4].iddr_inst/CLK
                                       clock pessimism              0.000     5.882    
                                       clock uncertainty            0.035     5.917    
                  BITSLICE_RX_TX_X0Y103
                                       ISERDESE3 (Hold_ISERDES_BITSLICE_COMPONENT_RX_TX_CLK_D)
                                                                    0.091     6.008    ethernet/eth_mac_inst/eth_mac_1g_rgmii_inst/rgmii_phy_if_inst/rx_ssio_ddr_inst/data_iddr_inst/iddr[4].iddr_inst
  ---------------------------------------------------------------------------------
                                       required time                         -6.008    
                                       arrival time                           6.381    
  ---------------------------------------------------------------------------------
                                       slack                                  0.373    

Slack (MET) :             0.380ns  (arrival time - required time)
  Source:                 phy_rxd[2]
                            (input port clocked by phy_rx_clk  {rise@0.000ns fall@4.000ns period=8.000ns})
  Destination:            ethernet/eth_mac_inst/eth_mac_1g_rgmii_inst/rgmii_phy_if_inst/rx_ssio_ddr_inst/data_iddr_inst/iddr[3].iddr_inst/D
                            (rising edge-triggered cell ISERDESE3 clocked by phy_rx_clk  {rise@0.000ns fall@4.000ns period=8.000ns})
  Path Group:             phy_rx_clk
  Path Type:              Hold (Min at Fast Process Corner)
  Requirement:            0.000ns  (phy_rx_clk rise@0.000ns - phy_rx_clk rise@0.000ns)
  Data Path Delay:        1.379ns  (logic 1.289ns (93.472%)  route 0.090ns (6.528%))
  Logic Levels:           3  (IBUFCTRL=1 IDELAYE3=1 INBUF=1)
  Input Delay:            1.000ns
  Clock Path Skew:        1.874ns (DCD - SCD - CPR)
    Destination Clock Delay (DCD):    1.874ns
    Source Clock Delay      (SCD):    0.000ns
    Clock Pessimism Removal (CPR):    -0.000ns
  Clock Uncertainty:      0.035ns  ((TSJ^2 + TIJ^2)^1/2 + DJ) / 2 + PE
    Total System Jitter     (TSJ):    0.071ns
    Total Input Jitter      (TIJ):    0.000ns
    Discrete Jitter          (DJ):    0.000ns
    Phase Error              (PE):    0.000ns
  Clock Net Delay (Destination): 0.879ns (routing 0.139ns, distribution 0.740ns)

    Pin Reuse     Location             Delay type                Incr(ns)  Path(ns)    Netlist Resource(s)
  ---------------------------------------------------------------------------------    -------------------
                                       (clock phy_rx_clk rise edge)
                                                                    0.000     0.000 r  
                                       input delay                  1.000     1.000    
                  AK38                                              0.000     1.000 r  phy_rxd[2] (IN)
                                       net (fo=0)                   0.000     1.000    phy_rxd_IBUF[2]_inst/I
    Routing       AK38                                                              r  phy_rxd_IBUF[2]_inst/INBUF_INST/PAD
    Routing       AK38                 INBUF (Prop_INBUF_HPIOB_PAD_O)
                                                                    0.136     1.136 r  phy_rxd_IBUF[2]_inst/INBUF_INST/O
                                       net (fo=1, routed)           0.027     1.163    phy_rxd_IBUF[2]_inst/OUT
    Routing       AK38                                                              r  phy_rxd_IBUF[2]_inst/IBUFCTRL_INST/I
    Routing       AK38                 IBUFCTRL (Prop_IBUFCTRL_HPIOB_I_O)
                                                                    0.000     1.163 r  phy_rxd_IBUF[2]_inst/IBUFCTRL_INST/O
                                       net (fo=1, routed)           0.063     1.226    ethernet/eth_mac_inst/eth_mac_1g_rgmii_inst/rgmii_phy_if_inst/rx_ssio_ddr_inst/data_iddr_inst/d[3]
    Routing       BITSLICE_RX_TX_X0Y98                                              r  ethernet/eth_mac_inst/eth_mac_1g_rgmii_inst/rgmii_phy_if_inst/rx_ssio_ddr_inst/data_iddr_inst/IDELAYE3_3/IDATAIN
    Routing       BITSLICE_RX_TX_X0Y98 IDELAYE3 (Prop_IDELAY_BITSLICE_COMPONENT_RX_TX_IDATAIN_DATAOUT)
                                                                    1.153     2.379 r  ethernet/eth_mac_inst/eth_mac_1g_rgmii_inst/rgmii_phy_if_inst/rx_ssio_ddr_inst/data_iddr_inst/IDELAYE3_3/DATAOUT
                                       net (fo=1, routed)           0.000     2.379    ethernet/eth_mac_inst/eth_mac_1g_rgmii_inst/rgmii_phy_if_inst/rx_ssio_ddr_inst/data_iddr_inst/xlnx_opt__3
    Routing       BITSLICE_RX_TX_X0Y98 ISERDESE3                                    r  ethernet/eth_mac_inst/eth_mac_1g_rgmii_inst/rgmii_phy_if_inst/rx_ssio_ddr_inst/data_iddr_inst/iddr[3].iddr_inst/D
  ---------------------------------------------------------------------------------    -------------------

                                       (clock phy_rx_clk rise edge)
                                                                    0.000     0.000 r  
                  AR37                                              0.000     0.000 r  phy_rx_clk (IN)
                                       net (fo=0)                   0.000     0.000    phy_rx_clk_IBUF_inst/I
                  AR37                                                              r  phy_rx_clk_IBUF_inst/INBUF_INST/PAD
                  AR37                 INBUF (Prop_INBUF_HPIOB_PAD_O)
                                                                    0.508     0.508 r  phy_rx_clk_IBUF_inst/INBUF_INST/O
                                       net (fo=1, routed)           0.047     0.555    phy_rx_clk_IBUF_inst/OUT
                  AR37                                                              r  phy_rx_clk_IBUF_inst/IBUFCTRL_INST/I
                  AR37                 IBUFCTRL (Prop_IBUFCTRL_HPIOB_I_O)
                                                                    0.000     0.555 r  phy_rx_clk_IBUF_inst/IBUFCTRL_INST/O
                                       net (fo=2, routed)           0.409     0.964    phy_rx_clk_IBUF
                  BUFGCE_X0Y47                                                      r  phy_rx_clk_IBUF_BUFGCE_collapsed_inst/I
                  BUFGCE_X0Y47         BUFGCE (Prop_BUFCE_BUFGCE_I_O)
                                                                    0.031     0.995 r  phy_rx_clk_IBUF_BUFGCE_collapsed_inst/O
                  X0Y1 (CLOCK_ROOT)    net (fo=233, routed)         0.879     1.874    ethernet/eth_mac_inst/eth_mac_1g_rgmii_inst/rgmii_phy_if_inst/rx_ssio_ddr_inst/data_iddr_inst/clk
                  BITSLICE_RX_TX_X0Y98 ISERDESE3                                    f  ethernet/eth_mac_inst/eth_mac_1g_rgmii_inst/rgmii_phy_if_inst/rx_ssio_ddr_inst/data_iddr_inst/iddr[3].iddr_inst/CLK_B  (IS_INVERTED)
                                       clock pessimism              0.000     1.874    
                                       clock uncertainty            0.035     1.909    
                  BITSLICE_RX_TX_X0Y98 ISERDESE3 (Hold_ISERDES_BITSLICE_COMPONENT_RX_TX_CLK_B_D)
                                                                    0.089     1.998    ethernet/eth_mac_inst/eth_mac_1g_rgmii_inst/rgmii_phy_if_inst/rx_ssio_ddr_inst/data_iddr_inst/iddr[3].iddr_inst
  ---------------------------------------------------------------------------------
                                       required time                         -1.998    
                                       arrival time                           2.379    
  ---------------------------------------------------------------------------------
                                       slack                                  0.380    

Slack (MET) :             0.400ns  (arrival time - required time)
  Source:                 phy_rx_ctl
                            (input port clocked by phy_rx_clk  {rise@0.000ns fall@4.000ns period=8.000ns})
  Destination:            ethernet/eth_mac_inst/eth_mac_1g_rgmii_inst/rgmii_phy_if_inst/rx_ssio_ddr_inst/data_iddr_inst/iddr[0].iddr_inst/D
                            (rising edge-triggered cell ISERDESE3 clocked by phy_rx_clk  {rise@0.000ns fall@4.000ns period=8.000ns})
  Path Group:             phy_rx_clk
  Path Type:              Hold (Min at Fast Process Corner)
  Requirement:            0.000ns  (phy_rx_clk rise@0.000ns - phy_rx_clk rise@0.000ns)
  Data Path Delay:        1.408ns  (logic 1.318ns (93.610%)  route 0.090ns (6.390%))
  Logic Levels:           3  (IBUFCTRL=1 IDELAYE3=1 INBUF=1)
  Input Delay:            1.000ns
  Clock Path Skew:        1.879ns (DCD - SCD - CPR)
    Destination Clock Delay (DCD):    1.879ns
    Source Clock Delay      (SCD):    0.000ns
    Clock Pessimism Removal (CPR):    -0.000ns
  Clock Uncertainty:      0.035ns  ((TSJ^2 + TIJ^2)^1/2 + DJ) / 2 + PE
    Total System Jitter     (TSJ):    0.071ns
    Total Input Jitter      (TIJ):    0.000ns
    Discrete Jitter          (DJ):    0.000ns
    Phase Error              (PE):    0.000ns
  Clock Net Delay (Destination): 0.884ns (routing 0.139ns, distribution 0.745ns)

    Pin Reuse     Location             Delay type                Incr(ns)  Path(ns)    Netlist Resource(s)
  ---------------------------------------------------------------------------------    -------------------
                                       (clock phy_rx_clk rise edge)
                                                                    0.000     0.000 r  
                                       input delay                  1.000     1.000    
                  AT37                                              0.000     1.000 r  phy_rx_ctl (IN)
                                       net (fo=0)                   0.000     1.000    phy_rx_ctl_IBUF_inst/I
    Routing       AT37                                                              r  phy_rx_ctl_IBUF_inst/INBUF_INST/PAD
    Routing       AT37                 INBUF (Prop_INBUF_HPIOB_PAD_O)
                                                                    0.165     1.165 r  phy_rx_ctl_IBUF_inst/INBUF_INST/O
                                       net (fo=1, routed)           0.027     1.192    phy_rx_ctl_IBUF_inst/OUT
    Routing       AT37                                                              r  phy_rx_ctl_IBUF_inst/IBUFCTRL_INST/I
    Routing       AT37                 IBUFCTRL (Prop_IBUFCTRL_HPIOB_I_O)
                                                                    0.000     1.192 r  phy_rx_ctl_IBUF_inst/IBUFCTRL_INST/O
                                       net (fo=1, routed)           0.063     1.255    ethernet/eth_mac_inst/eth_mac_1g_rgmii_inst/rgmii_phy_if_inst/rx_ssio_ddr_inst/data_iddr_inst/d[0]
    Routing       BITSLICE_RX_TX_X0Y74                                              r  ethernet/eth_mac_inst/eth_mac_1g_rgmii_inst/rgmii_phy_if_inst/rx_ssio_ddr_inst/data_iddr_inst/IDELAYE3/IDATAIN
    Routing       BITSLICE_RX_TX_X0Y74 IDELAYE3 (Prop_IDELAY_BITSLICE_COMPONENT_RX_TX_IDATAIN_DATAOUT)
                                                                    1.154     2.408 r  ethernet/eth_mac_inst/eth_mac_1g_rgmii_inst/rgmii_phy_if_inst/rx_ssio_ddr_inst/data_iddr_inst/IDELAYE3/DATAOUT
                                       net (fo=2, routed)           0.000     2.408    ethernet/eth_mac_inst/eth_mac_1g_rgmii_inst/rgmii_phy_if_inst/rx_ssio_ddr_inst/data_iddr_inst/xlnx_opt_
    Routing       BITSLICE_RX_TX_X0Y74 ISERDESE3                                    r  ethernet/eth_mac_inst/eth_mac_1g_rgmii_inst/rgmii_phy_if_inst/rx_ssio_ddr_inst/data_iddr_inst/iddr[0].iddr_inst/D
  ---------------------------------------------------------------------------------    -------------------

                                       (clock phy_rx_clk rise edge)
                                                                    0.000     0.000 r  
                  AR37                                              0.000     0.000 r  phy_rx_clk (IN)
                                       net (fo=0)                   0.000     0.000    phy_rx_clk_IBUF_inst/I
                  AR37                                                              r  phy_rx_clk_IBUF_inst/INBUF_INST/PAD
                  AR37                 INBUF (Prop_INBUF_HPIOB_PAD_O)
                                                                    0.508     0.508 r  phy_rx_clk_IBUF_inst/INBUF_INST/O
                                       net (fo=1, routed)           0.047     0.555    phy_rx_clk_IBUF_inst/OUT
                  AR37                                                              r  phy_rx_clk_IBUF_inst/IBUFCTRL_INST/I
                  AR37                 IBUFCTRL (Prop_IBUFCTRL_HPIOB_I_O)
                                                                    0.000     0.555 r  phy_rx_clk_IBUF_inst/IBUFCTRL_INST/O
                                       net (fo=2, routed)           0.409     0.964    phy_rx_clk_IBUF
                  BUFGCE_X0Y47                                                      r  phy_rx_clk_IBUF_BUFGCE_collapsed_inst/I
                  BUFGCE_X0Y47         BUFGCE (Prop_BUFCE_BUFGCE_I_O)
                                                                    0.031     0.995 r  phy_rx_clk_IBUF_BUFGCE_collapsed_inst/O
                  X0Y1 (CLOCK_ROOT)    net (fo=233, routed)         0.884     1.879    ethernet/eth_mac_inst/eth_mac_1g_rgmii_inst/rgmii_phy_if_inst/rx_ssio_ddr_inst/data_iddr_inst/clk
                  BITSLICE_RX_TX_X0Y74 ISERDESE3                                    f  ethernet/eth_mac_inst/eth_mac_1g_rgmii_inst/rgmii_phy_if_inst/rx_ssio_ddr_inst/data_iddr_inst/iddr[0].iddr_inst/CLK_B  (IS_INVERTED)
                                       clock pessimism              0.000     1.879    
                                       clock uncertainty            0.035     1.914    
                  BITSLICE_RX_TX_X0Y74 ISERDESE3 (Hold_ISERDES_BITSLICE_COMPONENT_RX_TX_CLK_B_D)
                                                                    0.094     2.008    ethernet/eth_mac_inst/eth_mac_1g_rgmii_inst/rgmii_phy_if_inst/rx_ssio_ddr_inst/data_iddr_inst/iddr[0].iddr_inst
  ---------------------------------------------------------------------------------
                                       required time                         -2.008    
                                       arrival time                           2.408    
  ---------------------------------------------------------------------------------
                                       slack                                  0.400    

Slack (MET) :             1.179ns  (arrival time - required time)
  Source:                 phy_rx_ctl
                            (input port clocked by phy_rx_clk  {rise@0.000ns fall@4.000ns period=8.000ns})
  Destination:            ethernet/raw_rx_ctl_seen_reg/D
                            (rising edge-triggered cell FDCE clocked by phy_rx_clk  {rise@0.000ns fall@4.000ns period=8.000ns})
  Path Group:             phy_rx_clk
  Path Type:              Hold (Min at Fast Process Corner)
  Requirement:            0.000ns  (phy_rx_clk rise@0.000ns - phy_rx_clk rise@0.000ns)
  Data Path Delay:        2.226ns  (logic 1.394ns (62.631%)  route 0.832ns (37.369%))
  Logic Levels:           4  (IBUFCTRL=1 IDELAYE3=1 INBUF=1 LUT2=1)
  Input Delay:            1.000ns
  Clock Path Skew:        1.956ns (DCD - SCD - CPR)
    Destination Clock Delay (DCD):    1.956ns
    Source Clock Delay      (SCD):    0.000ns
    Clock Pessimism Removal (CPR):    -0.000ns
  Clock Uncertainty:      0.035ns  ((TSJ^2 + TIJ^2)^1/2 + DJ) / 2 + PE
    Total System Jitter     (TSJ):    0.071ns
    Total Input Jitter      (TIJ):    0.000ns
    Discrete Jitter          (DJ):    0.000ns
    Phase Error              (PE):    0.000ns
  Clock Net Delay (Destination): 0.961ns (routing 0.139ns, distribution 0.822ns)

    Pin Reuse     Location             Delay type                Incr(ns)  Path(ns)    Netlist Resource(s)
  ---------------------------------------------------------------------------------    -------------------
                                       (clock phy_rx_clk rise edge)
                                                                    0.000     0.000 r  
                                       input delay                  1.000     1.000    
                  AT37                                              0.000     1.000 r  phy_rx_ctl (IN)
                                       net (fo=0)                   0.000     1.000    phy_rx_ctl_IBUF_inst/I
    Routing       AT37                                                              r  phy_rx_ctl_IBUF_inst/INBUF_INST/PAD
    Routing       AT37                 INBUF (Prop_INBUF_HPIOB_PAD_O)
                                                                    0.165     1.165 r  phy_rx_ctl_IBUF_inst/INBUF_INST/O
                                       net (fo=1, routed)           0.027     1.192    phy_rx_ctl_IBUF_inst/OUT
    Routing       AT37                                                              r  phy_rx_ctl_IBUF_inst/IBUFCTRL_INST/I
    Routing       AT37                 IBUFCTRL (Prop_IBUFCTRL_HPIOB_I_O)
                                                                    0.000     1.192 r  phy_rx_ctl_IBUF_inst/IBUFCTRL_INST/O
                                       net (fo=1, routed)           0.063     1.255    ethernet/eth_mac_inst/eth_mac_1g_rgmii_inst/rgmii_phy_if_inst/rx_ssio_ddr_inst/data_iddr_inst/d[0]
    Routing       BITSLICE_RX_TX_X0Y74                                              r  ethernet/eth_mac_inst/eth_mac_1g_rgmii_inst/rgmii_phy_if_inst/rx_ssio_ddr_inst/data_iddr_inst/IDELAYE3/IDATAIN
    Routing       BITSLICE_RX_TX_X0Y74 IDELAYE3 (Prop_IDELAY_BITSLICE_COMPONENT_RX_TX_IDATAIN_DATAOUT)
                                                                    1.154     2.408 r  ethernet/eth_mac_inst/eth_mac_1g_rgmii_inst/rgmii_phy_if_inst/rx_ssio_ddr_inst/data_iddr_inst/IDELAYE3/DATAOUT
                                       net (fo=2, routed)           0.730     3.138    ethernet/lopt
    Routing       SLICE_X35Y90                                                      r  ethernet/raw_rx_ctl_seen_i_1/I1
    Routing       SLICE_X35Y90         LUT2 (Prop_D5LUT_SLICEM_I1_O)
                                                                    0.076     3.214 r  ethernet/raw_rx_ctl_seen_i_1/O
                                       net (fo=1, routed)           0.012     3.226    ethernet/raw_rx_ctl_seen_reg0
    Routing       SLICE_X35Y90         FDCE                                         r  ethernet/raw_rx_ctl_seen_reg/D
  ---------------------------------------------------------------------------------    -------------------

                                       (clock phy_rx_clk rise edge)
                                                                    0.000     0.000 r  
                  AR37                                              0.000     0.000 r  phy_rx_clk (IN)
                                       net (fo=0)                   0.000     0.000    phy_rx_clk_IBUF_inst/I
                  AR37                                                              r  phy_rx_clk_IBUF_inst/INBUF_INST/PAD
                  AR37                 INBUF (Prop_INBUF_HPIOB_PAD_O)
                                                                    0.508     0.508 r  phy_rx_clk_IBUF_inst/INBUF_INST/O
                                       net (fo=1, routed)           0.047     0.555    phy_rx_clk_IBUF_inst/OUT
                  AR37                                                              r  phy_rx_clk_IBUF_inst/IBUFCTRL_INST/I
                  AR37                 IBUFCTRL (Prop_IBUFCTRL_HPIOB_I_O)
                                                                    0.000     0.555 r  phy_rx_clk_IBUF_inst/IBUFCTRL_INST/O
                                       net (fo=2, routed)           0.409     0.964    phy_rx_clk_IBUF
                  BUFGCE_X0Y47                                                      r  phy_rx_clk_IBUF_BUFGCE_collapsed_inst/I
                  BUFGCE_X0Y47         BUFGCE (Prop_BUFCE_BUFGCE_I_O)
                                                                    0.031     0.995 r  phy_rx_clk_IBUF_BUFGCE_collapsed_inst/O
                  X0Y1 (CLOCK_ROOT)    net (fo=233, routed)         0.961     1.956    ethernet/phy_rx_clk
                  SLICE_X35Y90         FDCE                                         r  ethernet/raw_rx_ctl_seen_reg/C
                                       clock pessimism              0.000     1.956    
                                       clock uncertainty            0.035     1.991    
                  SLICE_X35Y90         FDCE (Hold_DFF2_SLICEM_C_D)
                                                                    0.056     2.047    ethernet/raw_rx_ctl_seen_reg
  ---------------------------------------------------------------------------------
                                       required time                         -2.047    
                                       arrival time                           3.226    
  ---------------------------------------------------------------------------------
                                       slack                                  1.179    




